--- Startup times for process: Primary (or UI client) ---

times in msec
 clock   self+sourced   self:  sourced script
 clock   elapsed:              other lines

000.003  000.003: --- NVIM STARTING ---
000.385  000.383: event init
000.609  000.224: early init
000.743  000.134: locale set
000.830  000.088: init first window
001.836  001.005: inits 1
001.867  000.032: window checked
001.875  000.008: parsing arguments
003.527  000.155  000.155: require('vim._core.shared')
003.893  000.014  000.014: require('string.buffer')
004.004  000.200  000.186: require('vim.inspect')
004.136  000.105  000.105: require('vim._core.options')
004.150  000.605  000.300: require('vim._core.editor')
004.282  000.127  000.127: require('vim._core.system')
004.286  000.968  000.082: require('vim._init_packages')
004.293  001.450: init lua interpreter
008.113  003.820: nvim_ui_attach
008.977  000.864: nvim_set_client_info
008.988  000.011: --- NVIM STARTED ---

--- Startup times for process: Embedded ---

times in msec
 clock   self+sourced   self:  sourced script
 clock   elapsed:              other lines

000.003  000.003: --- NVIM STARTING ---
000.456  000.453: event init
000.708  000.252: early init
000.841  000.133: locale set
000.926  000.085: init first window
001.917  000.990: inits 1
001.963  000.046: window checked
001.972  000.009: parsing arguments
003.566  000.155  000.155: require('vim._core.shared')
003.828  000.011  000.011: require('string.buffer')
003.910  000.153  000.143: require('vim.inspect')
004.020  000.088  000.088: require('vim._core.options')
004.028  000.451  000.210: require('vim._core.editor')
004.138  000.107  000.107: require('vim._core.system')
004.143  000.791  000.077: require('vim._init_packages')
004.150  001.387: init lua interpreter
004.362  000.212: expanding arguments
004.414  000.052: inits 2
005.408  000.994: init highlight
005.417  000.009: waiting for UI
005.837  000.420: done waiting for UI
005.933  000.096: clear screen
006.571  000.215  000.215: require('vim._core.util')
006.689  000.030  000.030: require('vim.keymap')
009.945  000.323  000.323: sourcing nvim_exec2()
010.026  000.016  000.016: require('vim._core.log')
010.335  000.062  000.062: require('vim.tty')
010.454  000.016  000.016: require('vim.F')
011.686  000.039  000.039: sourcing nvim_exec2() called at TermResponse Autocommands for "*":0
012.640  006.687  005.985: require('vim._core.defaults')
012.658  000.037: init default mappings & autocommands
014.626  000.188  000.188: sourcing /usr/local/share/nvim/runtime/ftplugin.vim
014.857  000.103  000.103: sourcing /usr/local/share/nvim/runtime/indent.vim
015.487  000.136  000.136: require('vim.fs')
015.846  000.341  000.341: require('vim.uri')
015.896  000.660  000.183: require('vim.loader')
016.782  000.853  000.853: require('core.settings')
017.143  000.026  000.026: sourcing nvim_exec2() called at /home/arpangreat/dotfiles/nvim/init.lua:0
017.220  000.426  000.400: require('core.mappings')
017.446  000.017  000.017: sourcing nvim_exec2() called at /home/arpangreat/dotfiles/nvim/init.lua:0
017.462  000.007  000.007: sourcing nvim_exec2() called at /home/arpangreat/dotfiles/nvim/init.lua:0
017.472  000.006  000.006: sourcing nvim_exec2() called at /home/arpangreat/dotfiles/nvim/init.lua:0
017.481  000.005  000.005: sourcing nvim_exec2() called at /home/arpangreat/dotfiles/nvim/init.lua:0
017.494  000.009  000.009: sourcing nvim_exec2() called at /home/arpangreat/dotfiles/nvim/init.lua:0
017.505  000.006  000.006: sourcing nvim_exec2() called at /home/arpangreat/dotfiles/nvim/init.lua:0
017.515  000.006  000.006: sourcing nvim_exec2() called at /home/arpangreat/dotfiles/nvim/init.lua:0
017.524  000.005  000.005: sourcing nvim_exec2() called at /home/arpangreat/dotfiles/nvim/init.lua:0
017.530  000.304  000.243: require('user.autocommands')
017.844  000.311  000.311: require('configs.config')
018.576  000.557  000.557: require('vim.diagnostic')
019.342  000.184  000.184: require('vim.diagnostic._severity')
019.366  000.469  000.285: require('vim.diagnostic._store')
019.373  000.769  000.300: require('vim.diagnostic._config')
019.411  001.555  000.229: require('configs.lsp')
020.105  000.579  000.579: require('plugins')
021.146  000.497  000.497: require('vim._async')
021.279  001.144  000.647: require('vim.pack')
040.124  000.146  000.146: require('vim.log')
042.205  002.063  002.063: require('vim.lsp.protocol')
042.335  002.548  000.339: require('vim.lsp.log')
043.121  000.374  000.374: require('vim.pos._util')
043.160  000.813  000.439: require('vim.lsp.util')
043.591  000.171  000.171: require('vim.lsp.sync')
043.635  000.446  000.274: require('vim.lsp._changetracking')
044.697  000.033  000.033: require('vim._core.stringbuffer')
044.745  000.850  000.817: require('vim.net._transport')
044.932  001.290  000.441: require('vim.lsp.rpc')
045.226  006.104  001.006: require('vim.lsp')
050.386  000.552  000.552: require('blink.lib.lazy_require')
050.464  001.268  000.716: require('blink.lib')
051.391  000.718  000.718: require('blink.lib.log')
051.897  001.427  000.709: require('blink.cmp.logger')
052.626  000.327  000.327: require('blink.lib.config')
052.880  000.242  000.242: require('blink.cmp.config.keymap')
053.488  000.417  000.417: require('blink.cmp.config.completion.keyword')
053.715  000.218  000.218: require('blink.cmp.config.completion.trigger')
053.815  000.094  000.094: require('blink.cmp.config.completion.list')
054.014  000.194  000.194: require('blink.cmp.config.completion.accept')
054.297  000.276  000.276: require('blink.cmp.config.completion.menu')
054.580  000.275  000.275: require('blink.cmp.config.completion.documentation')
054.738  000.152  000.152: require('blink.cmp.config.completion.ghost_text')
054.744  001.846  000.219: require('blink.cmp.config.completion')
055.091  000.344  000.344: require('blink.cmp.config.fuzzy')
055.455  000.357  000.357: require('blink.cmp.config.sources')
055.743  000.282  000.282: require('blink.cmp.config.signature')
056.031  000.281  000.281: require('blink.cmp.config.snippets')
056.157  000.120  000.120: require('blink.cmp.config.appearance')
057.696  005.786  001.988: require('blink.cmp.config')
058.037  000.142  000.142: require('blink.lib.native')
058.258  000.213  000.213: require('blink.lib.task')
058.271  000.564  000.208: require('blink.lib.native.managed')
058.859  013.529  004.483: require('blink.cmp')
059.182  000.125  000.125: require('blink.cmp.lib.event_emitter')
059.204  000.335  000.211: require('blink.cmp.sources.lib')
059.257  020.399  000.431: sourcing /home/arpangreat/.local/share/nvim/site/pack/core/opt/blink.cmp/plugin/blink-cmp.lua
060.096  000.100  000.100: sourcing /home/arpangreat/.local/share/nvim/site/pack/core/opt/conform.nvim/plugin/conform.lua
061.293  000.178  000.178: sourcing /home/arpangreat/.local/share/nvim/site/pack/core/opt/fzf-lua/plugin/fzf-lua.lua
064.066  000.484  000.484: sourcing /home/arpangreat/.local/share/nvim/site/pack/core/opt/vim-tmux-navigator/plugin/tmux_navigator.vim
065.496  000.190  000.190: require('tree-sitter-manager.filetypes')
066.525  000.118  000.118: require('vim.treesitter.language')
066.615  000.080  000.080: require('vim.func')
066.778  000.157  000.157: require('vim.treesitter._range')
066.879  000.091  000.091: require('vim.func._memoize')
066.966  000.801  000.355: require('vim.treesitter.query')
067.005  001.109  000.307: require('vim.treesitter.languagetree')
067.020  001.513  000.404: require('vim.treesitter')
073.357  006.039  006.039: require('vim.filetype')
073.399  008.237  000.495: sourcing /home/arpangreat/.local/share/nvim/site/pack/core/opt/tree-sitter-manager.nvim/plugin/filetypes.lua
074.887  000.330  000.330: sourcing /home/arpangreat/.local/share/nvim/site/pack/core/opt/which-key.nvim/plugin/which-key.lua
075.431  000.344  000.344: require('plugins.tokyonight')
076.038  000.415  000.415: require('tokyonight.config')
076.049  000.608  000.193: require('tokyonight')
077.274  000.363  000.363: require('tokyonight.theme')
077.952  000.159  000.159: require('tokyonight.util')
077.963  000.330  000.171: require('tokyonight.colors')
079.081  000.308  000.308: require('tokyonight.hsluv')
080.192  000.294  000.294: require('tokyonight.groups')
085.774  009.347  008.052: sourcing /home/arpangreat/.local/share/nvim/site/pack/core/opt/tokyonight.nvim/colors/tokyonight.lua
086.020  000.215  000.215: require('plugins.autopairs')
086.807  000.164  000.164: require('nvim-autopairs._log')
086.925  000.110  000.110: require('nvim-autopairs.utils')
086.941  000.482  000.208: require('nvim-autopairs.conds')
086.954  000.587  000.105: require('nvim-autopairs.rule')
086.960  000.711  000.124: require('nvim-autopairs.rules.basic')
086.980  000.952  000.241: require('nvim-autopairs')
087.249  000.161  000.161: require('nvim-autopairs.fastwrap')
088.192  000.122  000.122: require('nvim-autopairs.ts-conds')
088.202  000.250  000.128: require('nvim-autopairs.rules.ts_basic')
088.416  000.210  000.210: require('vim.treesitter.highlighter')
089.726  000.159  000.159: require('plugins.blink')
089.890  000.142  000.142: require('blink.lib._.tbl')
090.076  000.129  000.129: require('blink.lib._.tbl.copy')
090.218  000.130  000.130: require('blink.lib._.tbl.omit')
092.161  000.272  000.272: require('blink.lib._.tbl.pick')
094.649  000.262  000.262: require('blink.lib.nvim')
094.932  000.137  000.137: require('blink.cmp.fuzzy.lua.match')
095.056  000.118  000.118: require('blink.cmp.fuzzy.lua.match_indices')
095.417  000.221  000.221: require('blink.cmp.fuzzy.lua.char')
095.448  000.387  000.166: require('blink.cmp.fuzzy.lua.keyword')
095.482  000.819  000.177: require('blink.cmp.fuzzy.lua')
095.497  001.362  000.281: require('blink.cmp.fuzzy')
096.661  001.158  001.158: require('blink.cmp.fuzzy.rust')
096.875  000.199  000.199: require('blink.cmp.highlights')
097.087  000.157  000.157: require('blink.cmp.types')
098.036  000.201  000.201: require('blink.cmp.keymap.utils')
098.047  000.337  000.136: require('blink.cmp.keymap.fallback')
098.055  000.477  000.140: require('blink.cmp.keymap.apply')
098.224  000.166  000.166: require('blink.cmp.keymap.presets')
098.245  000.855  000.212: require('blink.cmp.keymap')
099.295  000.293  000.293: require('blink.cmp.completion')
099.662  000.149  000.149: require('blink.cmp.completion.trigger.context')
099.774  000.105  000.105: require('blink.cmp.lib.utils')
099.803  000.496  000.243: require('blink.cmp.completion.trigger')
099.959  000.152  000.152: require('blink.cmp.lib.buffer_events')
100.358  000.317  000.317: require('blink.cmp.completion.list')
100.567  000.140  000.140: require('blink.cmp.lib.cmdline_events')
100.722  000.120  000.120: require('blink.cmp.lib.term_events')
101.073  000.102  000.102: require('blink.cmp.completion.windows.menu.auto_wrap')
101.447  000.106  000.106: require('blink.cmp.lib.window.utils')
101.464  000.384  000.278: require('blink.cmp.lib.window')
101.666  000.124  000.124: require('blink.cmp.lib.window.cursor_line')
101.812  000.133  000.133: require('blink.cmp.lib.window.scrollbar')
101.992  000.170  000.170: require('blink.cmp.lib.window.scrollbar.win')
102.209  000.199  000.199: require('blink.lib.timer')
102.284  001.511  000.398: require('blink.cmp.completion.windows.menu')
102.442  000.144  000.144: require('blink.cmp.signature')
102.677  000.230  000.230: require('blink.cmp.signature.trigger')
103.110  000.355  000.355: require('blink.cmp.signature.window')
103.396  000.273  000.273: require('plugins.conform')
103.891  000.486  000.486: require('conform')
104.224  000.240  000.240: require('plugins.fzflazy')
106.553  001.181  001.181: require('fzf-lua.utils')
107.136  000.243  000.243: require('fzf-lua.lib.base64')
107.779  000.636  000.636: require('fzf-lua.lib.serpent')
107.806  001.243  000.364: require('fzf-lua.libuv')
107.845  002.998  000.574: require('fzf-lua.path')
111.903  003.444  003.444: require('fzf-lua.actions')
112.227  000.125  000.125: require('fzf-lua.class')
112.282  000.368  000.243: require('fzf-lua.devicons')
113.250  000.298  000.298: require('fzf-lua.previewer')
114.154  001.865  001.567: require('fzf-lua.defaults')
114.205  006.355  000.679: require('fzf-lua.config')
114.411  000.049  000.049: sourcing /home/arpangreat/.local/share/nvim/site/pack/core/opt/fzf-lua/autoload/fzf_lua.vim
114.423  000.134  000.085: sourcing nvim_exec2() called at /home/arpangreat/dotfiles/nvim/init.lua:0
115.913  000.603  000.603: require('fzf-lua.win')
116.320  000.158  000.158: require('fzf-lua.fzf')
116.492  000.162  000.162: require('fzf-lua.shell')
116.521  000.597  000.277: require('fzf-lua.core')
116.717  000.178  000.178: require('fzf-lua.make_entry')
116.735  012.500  001.634: require('fzf-lua')
118.805  000.135  000.135: require('fzf-lua.ctx')
118.932  000.117  000.117: require('fzf-lua.providers.ui_select')
119.062  000.123  000.123: require('vim.ui')
119.509  000.110  000.110: require('plugins.gitsigns')
120.014  000.496  000.496: require('mini.diff')
121.102  000.126  000.126: require('plugins.mason')
121.476  000.075  000.075: require('mason-core.path')
121.769  000.072  000.072: require('mason-core.functional.data')
121.861  000.084  000.084: require('mason-core.functional.function')
121.983  000.107  000.107: require('mason-core.functional.list')
122.079  000.077  000.077: require('mason-core.functional.relation')
122.268  000.107  000.107: require('mason-core.functional.logic')
122.349  000.071  000.071: require('mason-core.functional.number')
122.442  000.080  000.080: require('mason-core.functional.string')
122.545  000.092  000.092: require('mason-core.functional.table')
122.629  000.074  000.074: require('mason-core.functional.type')
122.637  001.041  000.277: require('mason-core.functional')
122.708  001.224  000.183: require('mason-core.platform')
122.854  000.141  000.141: require('mason.settings')
122.865  001.559  000.118: require('mason-core.installer.InstallLocation')
123.230  000.184  000.184: require('mason-core.log')
123.240  000.265  000.082: require('mason-core.EventEmitter')
123.375  000.130  000.130: require('mason-registry.sources')
123.516  000.648  000.253: require('mason-registry')
123.522  002.410  000.204: require('mason')
124.014  000.229  000.229: require('mason.api.command')
124.136  000.096  000.096: require('plugins.neotab')
124.406  000.110  000.110: require('neotab.config')
124.500  000.087  000.087: require('neotab.logger')
124.621  000.116  000.116: require('neotab.utils')
124.716  000.090  000.090: require('neotab.tab')
124.727  000.585  000.182: require('neotab')
124.942  000.137  000.137: require('neotab.punctuators')
125.035  000.081  000.081: require('plugins.treesitter')
126.261  000.952  000.952: require('tree-sitter-manager.repos')
126.422  001.235  000.283: require('tree-sitter-manager.config')
126.612  000.185  000.185: require('tree-sitter-manager.util')
126.873  000.095  000.095: require('tree-sitter-manager.backport')
126.884  000.266  000.171: require('tree-sitter-manager.installer')
127.051  000.164  000.164: require('tree-sitter-manager.ui')
127.057  002.017  000.167: require('tree-sitter-manager')
128.911  000.322  000.322: require('vim.iter')
131.103  000.151  000.151: require('plugins.trouble')
131.252  000.138  000.138: require('trouble')
131.629  000.371  000.371: require('trouble.config')
132.158  000.239  000.239: require('trouble.util')
132.192  000.517  000.277: require('trouble.config.highlights')
133.264  000.182  000.182: require('trouble.cache')
133.512  000.240  000.240: require('trouble.format')
133.668  000.150  000.150: require('trouble.view.indent')
133.873  000.200  000.200: require('trouble.view.text')
133.896  000.980  000.207: require('trouble.view.render')
133.904  001.155  000.175: require('trouble.view.preview')
133.914  001.338  000.182: require('trouble.view.main')
134.279  000.165  000.165: require('plugins.tmux')
134.494  000.143  000.143: require('plugins.whichkey')
134.639  000.139  000.139: require('which-key')
134.988  000.330  000.330: require('which-key.config')
135.768  000.610  000.610: require('mini.hipatterns')
135.912  116.496  040.255: require('core.pack')
137.475  000.208  000.208: sourcing /usr/local/share/nvim/runtime/pack/dist/opt/nvim.undotree/plugin/undotree.lua
138.790  000.164  000.164: sourcing /usr/local/share/nvim/runtime/pack/dist/opt/nvim.difftool/plugin/difftool.lua
139.039  000.133  000.133: require('vim._core.ui2')
139.366  000.284  000.284: require('vim._core.ui2.cmdline')
139.895  000.521  000.521: require('vim._core.ui2.messages')
140.047  004.129  002.819: require('core.legacy')
140.782  000.730  000.730: require('statusline')
140.791  125.710  000.246: sourcing /home/arpangreat/.config/nvim/init.lua
140.833  002.174: sourcing vimrc file(s)
141.799  000.366  000.366: sourcing nvim_exec2() called at /usr/local/share/nvim/runtime/filetype.lua:0
141.809  000.576  000.210: sourcing /usr/local/share/nvim/runtime/filetype.lua
142.371  000.208  000.208: sourcing /usr/local/share/nvim/runtime/syntax/synload.vim
142.594  000.675  000.467: sourcing /usr/local/share/nvim/runtime/syntax/syntax.vim
143.482  000.180  000.180: sourcing /home/arpangreat/.local/share/nvim/site/pack/core/opt/which-key.nvim/plugin/which-key.lua
144.115  000.428  000.428: sourcing /home/arpangreat/.local/share/nvim/site/pack/core/opt/tree-sitter-manager.nvim/plugin/filetypes.lua
144.476  000.049  000.049: sourcing /home/arpangreat/.local/share/nvim/site/pack/core/opt/vim-tmux-navigator/plugin/tmux_navigator.vim
144.838  000.154  000.154: sourcing /home/arpangreat/.local/share/nvim/site/pack/core/opt/fzf-lua/plugin/fzf-lua.lua
145.126  000.130  000.130: sourcing /home/arpangreat/.local/share/nvim/site/pack/core/opt/conform.nvim/plugin/conform.lua
145.742  000.413  000.413: sourcing /home/arpangreat/.local/share/nvim/site/pack/core/opt/blink.cmp/plugin/blink-cmp.lua
146.574  000.051  000.051: sourcing /usr/local/share/nvim/runtime/plugin/gzip.vim
148.381  000.496  000.496: sourcing /usr/local/share/nvim/runtime/pack/dist/opt/matchit/plugin/matchit.vim
148.525  001.904  001.409: sourcing /usr/local/share/nvim/runtime/plugin/matchit.vim
148.594  000.023  000.023: sourcing /usr/local/share/nvim/runtime/plugin/netrwPlugin.vim
148.930  000.018  000.018: sourcing /home/arpangreat/.local/share/nvim/rplugin.vim
148.946  000.315  000.297: sourcing /usr/local/share/nvim/runtime/plugin/rplugin.vim
149.003  000.025  000.025: sourcing /usr/local/share/nvim/runtime/plugin/tarPlugin.vim
149.064  000.027  000.027: sourcing /usr/local/share/nvim/runtime/plugin/tutor.vim
149.134  000.025  000.025: sourcing /usr/local/share/nvim/runtime/plugin/zipPlugin.vim
149.839  000.263  000.263: require('vim._watch')
149.881  000.511  000.247: require('nvim.autoread')
149.983  000.793  000.283: sourcing /usr/local/share/nvim/runtime/plugin/autoread.lua
150.670  000.612  000.612: sourcing /usr/local/share/nvim/runtime/plugin/dir.lua
151.009  000.264  000.264: sourcing /usr/local/share/nvim/runtime/plugin/editorconfig.lua
151.249  000.193  000.193: sourcing /usr/local/share/nvim/runtime/plugin/man.lua
151.657  000.265  000.265: require('nvim.matchparen')
151.799  000.498  000.233: sourcing /usr/local/share/nvim/runtime/plugin/matchparen.lua
152.127  000.237  000.237: sourcing /usr/local/share/nvim/runtime/plugin/net.lua
152.396  000.187  000.187: sourcing /usr/local/share/nvim/runtime/plugin/osc52.lua
152.716  000.275  000.275: sourcing /usr/local/share/nvim/runtime/plugin/shada.lua
152.930  000.131  000.131: sourcing /usr/local/share/nvim/runtime/plugin/spellfile.lua
153.284  000.132  000.132: sourcing /usr/local/share/nvim/runtime/pack/dist/opt/nvim.difftool/plugin/difftool.lua
153.594  000.107  000.107: sourcing /usr/local/share/nvim/runtime/pack/dist/opt/nvim.undotree/plugin/undotree.lua
153.627  004.387: loading rtp plugins
153.951  000.324: loading packages
153.970  000.019: loading after plugins
154.000  000.030: inits 3
161.115  007.115: reading ShaDa
161.607  000.492: opening buffers
171.382  008.738  008.738: require('mini.icons')
173.508  000.652  000.652: require('vim.filetype.detect')
173.907  000.317  000.317: require('vim.lsp.client')
174.298  002.985: BufEnter autocommands
174.305  000.007: editing files in windows
174.329  000.024: --- NVIM STARTED ---

--- Startup times for process: Primary (or UI client) ---

times in msec
 clock   self+sourced   self:  sourced script
 clock   elapsed:              other lines

000.002  000.002: --- NVIM STARTING ---
000.394  000.392: event init
000.594  000.200: early init
000.751  000.157: locale set
000.852  000.100: init first window
001.919  001.068: inits 1
001.948  000.029: window checked
002.125  000.177: parsing arguments
003.695  000.169  000.169: require('vim._core.shared')
003.985  000.012  000.012: require('string.buffer')
004.071  000.153  000.141: require('vim.inspect')
004.192  000.093  000.093: require('vim._core.options')
004.203  000.475  000.229: require('vim._core.editor')
004.318  000.112  000.112: require('vim._core.system')
004.323  000.851  000.096: require('vim._init_packages')
004.351  001.375: init lua interpreter
008.017  003.666: nvim_ui_attach
009.134  001.117: nvim_set_client_info
009.144  000.010: --- NVIM STARTED ---

--- Startup times for process: Embedded ---

times in msec
 clock   self+sourced   self:  sourced script
 clock   elapsed:              other lines

000.003  000.003: --- NVIM STARTING ---
000.395  000.393: event init
000.680  000.284: early init
000.808  000.128: locale set
000.937  000.130: init first window
001.912  000.975: inits 1
001.952  000.040: window checked
002.113  000.161: parsing arguments
003.555  000.149  000.149: require('vim._core.shared')
003.812  000.010  000.010: require('string.buffer')
003.937  000.190  000.180: require('vim.inspect')
004.076  000.104  000.104: require('vim._core.options')
004.094  000.526  000.232: require('vim._core.editor')
004.215  000.117  000.117: require('vim._core.system')
004.221  000.870  000.078: require('vim._init_packages')
004.230  001.247: init lua interpreter
004.385  000.155: expanding arguments
004.428  000.043: inits 2
005.282  000.854: init highlight
005.287  000.005: waiting for UI
005.641  000.354: done waiting for UI
005.674  000.033: clear screen
006.301  000.208  000.208: require('vim._core.util')
006.462  000.052  000.052: require('vim.keymap')
009.559  000.366  000.366: sourcing nvim_exec2()
009.647  000.017  000.017: require('vim._core.log')
010.003  000.061  000.061: require('vim.tty')
010.139  000.024  000.024: require('vim.F')
013.962  000.048  000.048: sourcing nvim_exec2() called at TermResponse Autocommands for "*":0
014.548  008.862  008.087: require('vim._core.defaults')
014.569  000.032: init default mappings & autocommands
015.808  000.118  000.118: sourcing /usr/local/share/nvim/runtime/ftplugin.vim
016.006  000.073  000.073: sourcing /usr/local/share/nvim/runtime/indent.vim
016.391  000.084  000.084: require('vim.fs')
016.764  000.360  000.360: require('vim.uri')
016.814  000.595  000.151: require('vim.loader')
018.386  001.400  001.400: require('core.settings')
018.811  000.025  000.025: sourcing nvim_exec2() called at /home/arpangreat/dotfiles/nvim/init.lua:0
018.902  000.502  000.477: require('core.mappings')
019.127  000.017  000.017: sourcing nvim_exec2() called at /home/arpangreat/dotfiles/nvim/init.lua:0
019.142  000.007  000.007: sourcing nvim_exec2() called at /home/arpangreat/dotfiles/nvim/init.lua:0
019.152  000.005  000.005: sourcing nvim_exec2() called at /home/arpangreat/dotfiles/nvim/init.lua:0
019.162  000.005  000.005: sourcing nvim_exec2() called at /home/arpangreat/dotfiles/nvim/init.lua:0
019.175  000.009  000.009: sourcing nvim_exec2() called at /home/arpangreat/dotfiles/nvim/init.lua:0
019.189  000.006  000.006: sourcing nvim_exec2() called at /home/arpangreat/dotfiles/nvim/init.lua:0
019.199  000.005  000.005: sourcing nvim_exec2() called at /home/arpangreat/dotfiles/nvim/init.lua:0
019.208  000.005  000.005: sourcing nvim_exec2() called at /home/arpangreat/dotfiles/nvim/init.lua:0
019.213  000.304  000.245: require('user.autocommands')
019.418  000.201  000.201: require('configs.config')
020.141  000.589  000.589: require('vim.diagnostic')
020.899  000.257  000.257: require('vim.diagnostic._severity')
020.935  000.574  000.318: require('vim.diagnostic._store')
020.945  000.770  000.195: require('vim.diagnostic._config')
020.992  001.568  000.210: require('configs.lsp')
021.970  000.767  000.767: require('plugins')
023.368  000.704  000.704: require('vim._async')
023.482  001.446  000.742: require('vim.pack')
041.221  000.141  000.141: require('vim.log')
042.564  001.329  001.329: require('vim.lsp.protocol')
042.711  001.759  000.289: require('vim.lsp.log')
043.310  000.160  000.160: require('vim.pos._util')
043.346  000.623  000.462: require('vim.lsp.util')
044.058  000.576  000.576: require('vim.lsp.sync')
044.097  000.736  000.161: require('vim.lsp._changetracking')
044.739  000.042  000.042: require('vim._core.stringbuffer')
044.782  000.344  000.301: require('vim.net._transport')
044.934  000.829  000.486: require('vim.lsp.rpc')
045.175  004.581  000.634: require('vim.lsp')
049.338  000.206  000.206: require('blink.lib.lazy_require')
049.380  000.873  000.667: require('blink.lib')
050.033  000.529  000.529: require('blink.lib.log')
050.474  001.090  000.560: require('blink.cmp.logger')
051.774  000.963  000.963: require('blink.lib.config')
052.372  000.580  000.580: require('blink.cmp.config.keymap')
052.871  000.155  000.155: require('blink.cmp.config.completion.keyword')
053.049  000.165  000.165: require('blink.cmp.config.completion.trigger')
053.163  000.108  000.108: require('blink.cmp.config.completion.list')
053.287  000.119  000.119: require('blink.cmp.config.completion.accept')
053.559  000.266  000.266: require('blink.cmp.config.completion.menu')
053.822  000.256  000.256: require('blink.cmp.config.completion.documentation')
053.986  000.157  000.157: require('blink.cmp.config.completion.ghost_text')
053.993  001.519  000.293: require('blink.cmp.config.completion')
054.316  000.320  000.320: require('blink.cmp.config.fuzzy')
054.528  000.204  000.204: require('blink.cmp.config.sources')
054.749  000.213  000.213: require('blink.cmp.config.signature')
054.925  000.171  000.171: require('blink.cmp.config.snippets')
055.164  000.232  000.232: require('blink.cmp.config.appearance')
057.188  006.703  002.501: require('blink.cmp.config')
057.576  000.150  000.150: require('blink.lib.native')
057.712  000.129  000.129: require('blink.lib.task')
057.719  000.515  000.236: require('blink.lib.native.managed')
058.031  012.749  003.569: require('blink.cmp')
058.472  000.125  000.125: require('blink.cmp.lib.event_emitter')
058.491  000.448  000.323: require('blink.cmp.sources.lib')
058.547  018.466  000.687: sourcing /home/arpangreat/.local/share/nvim/site/pack/core/opt/blink.cmp/plugin/blink-cmp.lua
059.405  000.109  000.109: sourcing /home/arpangreat/.local/share/nvim/site/pack/core/opt/conform.nvim/plugin/conform.lua
060.588  000.123  000.123: sourcing /home/arpangreat/.local/share/nvim/site/pack/core/opt/fzf-lua/plugin/fzf-lua.lua
063.443  000.495  000.495: sourcing /home/arpangreat/.local/share/nvim/site/pack/core/opt/vim-tmux-navigator/plugin/tmux_navigator.vim
065.192  000.206  000.206: require('tree-sitter-manager.filetypes')
066.491  000.303  000.303: require('vim.treesitter.language')
066.693  000.188  000.188: require('vim.func')
066.809  000.108  000.108: require('vim.treesitter._range')
067.031  000.211  000.211: require('vim.func._memoize')
067.154  001.297  000.487: require('vim.treesitter.query')
067.197  001.611  000.315: require('vim.treesitter.languagetree')
067.215  002.006  000.395: require('vim.treesitter')
073.655  006.054  006.054: require('vim.filetype')
073.696  008.878  000.612: sourcing /home/arpangreat/.local/share/nvim/site/pack/core/opt/tree-sitter-manager.nvim/plugin/filetypes.lua
075.161  000.332  000.332: sourcing /home/arpangreat/.local/share/nvim/site/pack/core/opt/which-key.nvim/plugin/which-key.lua
075.693  000.330  000.330: require('plugins.tokyonight')
076.263  000.352  000.352: require('tokyonight.config')
076.273  000.570  000.218: require('tokyonight')
077.613  000.361  000.361: require('tokyonight.theme')
078.382  000.148  000.148: require('tokyonight.util')
078.393  000.307  000.159: require('tokyonight.colors')
079.539  000.401  000.401: require('tokyonight.hsluv')
080.721  000.279  000.279: require('tokyonight.groups')
086.996  010.272  008.924: sourcing /home/arpangreat/.local/share/nvim/site/pack/core/opt/tokyonight.nvim/colors/tokyonight.lua
087.210  000.170  000.170: require('plugins.autopairs')
087.813  000.069  000.069: require('nvim-autopairs._log')
087.945  000.124  000.124: require('nvim-autopairs.utils')
087.961  000.307  000.114: require('nvim-autopairs.conds')
087.974  000.412  000.104: require('nvim-autopairs.rule')
087.981  000.532  000.121: require('nvim-autopairs.rules.basic')
088.001  000.782  000.250: require('nvim-autopairs')
088.160  000.121  000.121: require('nvim-autopairs.fastwrap')
089.018  000.140  000.140: require('nvim-autopairs.ts-conds')
089.029  000.313  000.173: require('nvim-autopairs.rules.ts_basic')
089.261  000.228  000.228: require('vim.treesitter.highlighter')
090.432  000.150  000.150: require('plugins.blink')
090.587  000.133  000.133: require('blink.lib._.tbl')
090.756  000.114  000.114: require('blink.lib._.tbl.copy')
090.916  000.150  000.150: require('blink.lib._.tbl.omit')
093.409  000.186  000.186: require('blink.lib._.tbl.pick')
096.631  000.300  000.300: require('blink.lib.nvim')
096.939  000.147  000.147: require('blink.cmp.fuzzy.lua.match')
097.047  000.102  000.102: require('blink.cmp.fuzzy.lua.match_indices')
097.305  000.157  000.157: require('blink.cmp.fuzzy.lua.char')
097.330  000.278  000.120: require('blink.cmp.fuzzy.lua.keyword')
097.366  000.717  000.191: require('blink.cmp.fuzzy.lua')
097.374  001.600  000.583: require('blink.cmp.fuzzy')
098.591  001.211  001.211: require('blink.cmp.fuzzy.rust')
098.972  000.366  000.366: require('blink.cmp.highlights')
099.334  000.288  000.288: require('blink.cmp.types')
100.110  000.185  000.185: require('blink.cmp.keymap.utils')
100.123  000.341  000.155: require('blink.cmp.keymap.fallback')
100.134  000.477  000.136: require('blink.cmp.keymap.apply')
100.279  000.141  000.141: require('blink.cmp.keymap.presets')
100.292  000.817  000.199: require('blink.cmp.keymap')
101.328  000.242  000.242: require('blink.cmp.completion')
101.760  000.167  000.167: require('blink.cmp.completion.trigger.context')
101.904  000.135  000.135: require('blink.cmp.lib.utils')
101.923  000.582  000.280: require('blink.cmp.completion.trigger')
102.063  000.136  000.136: require('blink.cmp.lib.buffer_events')
102.316  000.186  000.186: require('blink.cmp.completion.list')
102.554  000.179  000.179: require('blink.cmp.lib.cmdline_events')
102.821  000.223  000.223: require('blink.cmp.lib.term_events')
103.238  000.105  000.105: require('blink.cmp.completion.windows.menu.auto_wrap')
103.633  000.183  000.183: require('blink.cmp.lib.window.utils')
103.650  000.405  000.221: require('blink.cmp.lib.window')
104.047  000.171  000.171: require('blink.cmp.lib.window.cursor_line')
104.225  000.156  000.156: require('blink.cmp.lib.window.scrollbar')
104.407  000.176  000.176: require('blink.cmp.lib.window.scrollbar.win')
104.580  000.155  000.155: require('blink.lib.timer')
104.627  001.692  000.524: require('blink.cmp.completion.windows.menu')
104.767  000.129  000.129: require('blink.cmp.signature')
105.022  000.250  000.250: require('blink.cmp.signature.trigger')
105.440  000.267  000.267: require('blink.cmp.signature.window')
105.602  000.151  000.151: require('plugins.conform')
106.019  000.411  000.411: require('conform')
106.330  000.195  000.195: require('plugins.fzflazy')
108.411  001.148  001.148: require('fzf-lua.utils')
108.949  000.239  000.239: require('fzf-lua.lib.base64')
109.548  000.592  000.592: require('fzf-lua.lib.serpent')
109.566  001.146  000.315: require('fzf-lua.libuv')
109.606  002.843  000.549: require('fzf-lua.path')
113.523  003.440  003.440: require('fzf-lua.actions')
113.870  000.114  000.114: require('fzf-lua.class')
113.919  000.383  000.269: require('fzf-lua.devicons')
114.661  000.156  000.156: require('fzf-lua.previewer')
115.548  001.620  001.464: require('fzf-lua.defaults')
115.577  005.966  000.523: require('fzf-lua.config')
115.856  000.069  000.069: sourcing /home/arpangreat/.local/share/nvim/site/pack/core/opt/fzf-lua/autoload/fzf_lua.vim
115.869  000.162  000.093: sourcing nvim_exec2() called at /home/arpangreat/dotfiles/nvim/init.lua:0
116.990  000.423  000.423: require('fzf-lua.win')
117.360  000.115  000.115: require('fzf-lua.fzf')
117.520  000.151  000.151: require('fzf-lua.shell')
117.550  000.549  000.282: require('fzf-lua.core')
117.745  000.179  000.179: require('fzf-lua.make_entry')
117.922  011.584  001.463: require('fzf-lua')
119.571  000.134  000.134: require('fzf-lua.ctx')
119.694  000.113  000.113: require('fzf-lua.providers.ui_select')
119.819  000.117  000.117: require('vim.ui')
120.343  000.105  000.105: require('plugins.gitsigns')
120.817  000.465  000.465: require('mini.diff')
121.644  000.116  000.116: require('plugins.mason')
121.926  000.094  000.094: require('mason-core.path')
122.237  000.070  000.070: require('mason-core.functional.data')
122.332  000.086  000.086: require('mason-core.functional.function')
122.451  000.104  000.104: require('mason-core.functional.list')
122.574  000.101  000.101: require('mason-core.functional.relation')
122.656  000.074  000.074: require('mason-core.functional.logic')
122.734  000.070  000.070: require('mason-core.functional.number')
122.827  000.080  000.080: require('mason-core.functional.string')
123.024  000.093  000.093: require('mason-core.functional.table')
123.112  000.075  000.075: require('mason-core.functional.type')
123.120  001.053  000.300: require('mason-core.functional')
123.189  001.256  000.203: require('mason-core.platform')
123.333  000.140  000.140: require('mason.settings')
123.344  001.599  000.110: require('mason-core.installer.InstallLocation')
123.675  000.150  000.150: require('mason-core.log')
123.684  000.229  000.079: require('mason-core.EventEmitter')
123.812  000.122  000.122: require('mason-registry.sources')
124.057  000.709  000.358: require('mason-registry')
124.066  002.411  000.103: require('mason')
124.459  000.192  000.192: require('mason.api.command')
124.553  000.079  000.079: require('plugins.neotab')
124.774  000.126  000.126: require('neotab.config')
124.887  000.107  000.107: require('neotab.logger')
125.036  000.144  000.144: require('neotab.utils')
125.133  000.093  000.093: require('neotab.tab')
125.145  000.586  000.117: require('neotab')
125.322  000.101  000.101: require('neotab.punctuators')
125.421  000.087  000.087: require('plugins.treesitter')
126.662  001.008  001.008: require('tree-sitter-manager.repos')
126.921  001.369  000.362: require('tree-sitter-manager.config')
127.120  000.192  000.192: require('tree-sitter-manager.util')
127.367  000.093  000.093: require('tree-sitter-manager.backport')
127.378  000.251  000.158: require('tree-sitter-manager.installer')
127.558  000.177  000.177: require('tree-sitter-manager.ui')
127.567  002.140  000.151: require('tree-sitter-manager')
129.574  000.391  000.391: require('vim.iter')
132.074  000.179  000.179: require('plugins.trouble')
132.210  000.124  000.124: require('trouble')
132.558  000.341  000.341: require('trouble.config')
133.256  000.448  000.448: require('trouble.util')
133.273  000.663  000.215: require('trouble.config.highlights')
134.418  000.185  000.185: require('trouble.cache')
134.683  000.256  000.256: require('trouble.format')
134.873  000.184  000.184: require('trouble.view.indent')
135.105  000.226  000.226: require('trouble.view.text')
135.123  001.072  000.221: require('trouble.view.render')
135.131  001.263  000.191: require('trouble.view.preview')
135.141  001.465  000.202: require('trouble.view.main')
135.505  000.128  000.128: require('plugins.tmux')
135.882  000.177  000.177: require('plugins.whichkey')
136.042  000.152  000.152: require('which-key')
136.403  000.341  000.341: require('which-key.config')
137.084  000.588  000.588: require('mini.hipatterns')
137.228  116.228  040.389: require('core.pack')
138.676  000.141  000.141: sourcing /usr/local/share/nvim/runtime/pack/dist/opt/nvim.undotree/plugin/undotree.lua
139.951  000.160  000.160: sourcing /usr/local/share/nvim/runtime/pack/dist/opt/nvim.difftool/plugin/difftool.lua
140.276  000.207  000.207: require('vim._core.ui2')
140.540  000.221  000.221: require('vim._core.ui2.cmdline')
141.106  000.559  000.559: require('vim._core.ui2.messages')
141.330  004.095  002.806: require('core.legacy')
141.995  000.656  000.656: require('statusline')
142.008  125.856  000.305: sourcing /home/arpangreat/.config/nvim/init.lua
142.086  001.471: sourcing vimrc file(s)
143.039  000.385  000.385: sourcing nvim_exec2() called at /usr/local/share/nvim/runtime/filetype.lua:0
143.050  000.610  000.225: sourcing /usr/local/share/nvim/runtime/filetype.lua
143.588  000.176  000.176: sourcing /usr/local/share/nvim/runtime/syntax/synload.vim
143.875  000.710  000.534: sourcing /usr/local/share/nvim/runtime/syntax/syntax.vim
144.717  000.184  000.184: sourcing /home/arpangreat/.local/share/nvim/site/pack/core/opt/which-key.nvim/plugin/which-key.lua
145.507  000.536  000.536: sourcing /home/arpangreat/.local/share/nvim/site/pack/core/opt/tree-sitter-manager.nvim/plugin/filetypes.lua
145.794  000.049  000.049: sourcing /home/arpangreat/.local/share/nvim/site/pack/core/opt/vim-tmux-navigator/plugin/tmux_navigator.vim
146.174  000.147  000.147: sourcing /home/arpangreat/.local/share/nvim/site/pack/core/opt/fzf-lua/plugin/fzf-lua.lua
146.449  000.117  000.117: sourcing /home/arpangreat/.local/share/nvim/site/pack/core/opt/conform.nvim/plugin/conform.lua
147.084  000.494  000.494: sourcing /home/arpangreat/.local/share/nvim/site/pack/core/opt/blink.cmp/plugin/blink-cmp.lua
148.040  000.065  000.065: sourcing /usr/local/share/nvim/runtime/plugin/gzip.vim
149.906  000.461  000.461: sourcing /usr/local/share/nvim/runtime/pack/dist/opt/matchit/plugin/matchit.vim
150.036  001.934  001.473: sourcing /usr/local/share/nvim/runtime/plugin/matchit.vim
150.099  000.021  000.021: sourcing /usr/local/share/nvim/runtime/plugin/netrwPlugin.vim
150.464  000.025  000.025: sourcing /home/arpangreat/.local/share/nvim/rplugin.vim
150.489  000.354  000.328: sourcing /usr/local/share/nvim/runtime/plugin/rplugin.vim
150.577  000.040  000.040: sourcing /usr/local/share/nvim/runtime/plugin/tarPlugin.vim
150.657  000.029  000.029: sourcing /usr/local/share/nvim/runtime/plugin/tutor.vim
150.761  000.044  000.044: sourcing /usr/local/share/nvim/runtime/plugin/zipPlugin.vim
151.743  000.358  000.358: require('vim._watch')
151.785  000.717  000.359: require('nvim.autoread')
151.909  001.077  000.359: sourcing /usr/local/share/nvim/runtime/plugin/autoread.lua
152.527  000.545  000.545: sourcing /usr/local/share/nvim/runtime/plugin/dir.lua
152.811  000.200  000.200: sourcing /usr/local/share/nvim/runtime/plugin/editorconfig.lua
153.067  000.187  000.187: sourcing /usr/local/share/nvim/runtime/plugin/man.lua
153.512  000.309  000.309: require('nvim.matchparen')
153.636  000.521  000.212: sourcing /usr/local/share/nvim/runtime/plugin/matchparen.lua
154.300  000.263  000.263: sourcing /usr/local/share/nvim/runtime/plugin/net.lua
154.486  000.127  000.127: sourcing /usr/local/share/nvim/runtime/plugin/osc52.lua
154.756  000.227  000.227: sourcing /usr/local/share/nvim/runtime/plugin/shada.lua
154.984  000.125  000.125: sourcing /usr/local/share/nvim/runtime/plugin/spellfile.lua
155.292  000.094  000.094: sourcing /usr/local/share/nvim/runtime/pack/dist/opt/nvim.difftool/plugin/difftool.lua
155.540  000.096  000.096: sourcing /usr/local/share/nvim/runtime/pack/dist/opt/nvim.undotree/plugin/undotree.lua
155.570  004.687: loading rtp plugins
155.912  000.342: loading packages
155.933  000.021: loading after plugins
155.965  000.033: inits 3
163.511  007.546: reading ShaDa
166.974  000.819  000.819: sourcing /usr/local/share/nvim/runtime/autoload/provider/clipboard.vim
167.010  001.263  000.444: sourcing nvim_exec2() called at BufReadPost Autocommands for "*":0
168.930  001.115  001.115: require('lsp.clangd')
169.167  000.157  000.157: require('lsp.cmake')
169.609  000.242  000.242: require('lsp.cssls')
170.307  000.572  000.572: require('lsp.denols')
170.744  000.229  000.229: require('lsp.emmet_language_server')
171.722  000.952  000.952: require('lsp.gopls')
172.078  000.287  000.287: require('lsp.html')
173.029  000.904  000.904: require('lsp.jdtls')
173.444  000.363  000.363: require('lsp.lua_ls')
174.031  000.529  000.529: require('lsp.markdown_oxide')
175.195  001.141  001.141: require('lsp.rust_analyzer')
175.652  000.396  000.396: require('lsp.tsgo')
175.872  000.201  000.201: require('lsp.zls')
186.168  000.268  000.268: sourcing /usr/local/share/nvim/runtime/ftplugin/lua.vim
205.609  019.385  019.385: sourcing /usr/local/share/nvim/runtime/ftplugin/lua.lua
207.451  000.121  000.121: sourcing /usr/local/share/nvim/runtime/indent/lua.vim
208.977  000.397  000.397: require('vim.lsp.client')
213.595  000.014  000.014: require('vim._core.vimfn')
217.313  000.012  000.012: require('table.new')
217.334  000.003  000.003: require('table.clear')
217.340  000.052  000.036: require('vim._core.table')
217.557  000.212  000.212: require('vim.lsp._capability')
217.582  000.817  000.554: require('vim.lsp._folding_range')
217.955  000.369  000.369: require('vim.lsp.diagnostic')
218.336  000.374  000.374: require('vim.lsp.document_color')
219.139  000.584  000.584: require('vim.lsp._snippet_grammar')
219.168  000.825  000.241: require('vim.lsp.inline_completion')
219.326  000.155  000.155: require('vim.lsp.linked_editing_range')
219.734  000.403  000.403: require('vim.lsp.semantic_tokens')
219.951  000.202  000.202: require('vim.version')
226.361  000.207  000.207: require('editorconfig')
227.027  031.625: opening buffers
229.070  000.209  000.209: require('vim.hl')
241.620  005.401  005.401: require('mini.icons')
242.061  009.425: BufEnter autocommands
242.080  000.018: editing files in windows
242.114  000.034: --- NVIM STARTED ---

